// Jest Snapshot v1, https://goo.gl/fbAQLP

exports[`should return conversation 1`] = `
Object {
  "conversation": Object {
    "createdAt": Any<String>,
    "id": "ConversationType:1",
    "messages": Array [],
    "name": Any<String>,
    "participants": Array [
      Object {
        "id": "PersonType:1",
      },
    ],
  },
}
`;
